🏦 Minibank API Authentication Test Suite
=========================================


[0;34m=== Service Health Checks ===[0m
[0;34mℹ️  Waiting for Keycloak to be ready...[0m
[0;32m✅ Keycloak is ready![0m
[0;34mℹ️  Waiting for Minibank API to be ready...[0m
[0;32m✅ Minibank API is ready![0m

[0;34m=== Getting Authentication Tokens ===[0m
[0;34mℹ️  Getting access token for user: user[0m
[0;34mℹ️  Token extraction debug:[0m
[0;34mℹ️    Response length: 2024[0m
[0;34mℹ️    Extracted token length: 1170[0m
[0;34mℹ️    Token starts with: eyJhbGciOiJSUzI1NiIsInR5cCIgOiAiSldUIiwia2lkIiA6IC...[0m
[0;32m✅ Access token obtained for user[0m
[0;34mℹ️  Getting access token for user: admin[0m
[0;34mℹ️  Token extraction debug:[0m
[0;34mℹ️    Response length: 2037[0m
[0;34mℹ️    Extracted token length: 1183[0m
[0;34mℹ️    Token starts with: eyJhbGciOiJSUzI1NiIsInR5cCIgOiAiSldUIiwia2lkIiA6IC...[0m
[0;32m✅ Access token obtained for admin[0m
[0;32m✅ All authentication tokens obtained successfully![0m
[0;34mℹ️  Debug: USER_TOKEN length: 1170[0m
[0;34mℹ️  Debug: ADMIN_TOKEN length: 1183[0m
[0;34mℹ️  Debug: USER_TOKEN starts with: eyJhbGciOiJSUzI1NiIsInR5cCIgOiAiSldUIiwia2lkIiA6IC...[0m

[0;34m=== Authentication Tests ===[0m
[0;34mℹ️  Debug in test_authentication:[0m
[0;34mℹ️    USER_TOKEN length: 1170[0m
[0;34mℹ️    ADMIN_TOKEN length: 1183[0m
[0;34mℹ️  Testing: Public endpoint access[0m
[0;34mℹ️  Endpoint: GET /auth/public[0m
[0;34mℹ️  No token provided[0m
[0;32m✅ ✓ Public endpoint access (HTTP 200)[0m
{
  "message": "This is a public endpoint - no authentication required.",
  "status": "accessible"
}
{"message":"This is a public endpoint - no authentication required.","status":"accessible"}
[0;34mℹ️  Testing: Protected endpoint without token (should fail)[0m
[0;34mℹ️  Endpoint: GET /auth/me[0m
[0;34mℹ️  No token provided[0m
[0;32m✅ ✓ Protected endpoint without token (should fail) (HTTP 401)[0m

[0;34mℹ️  Testing: User info with valid user token[0m
[0;34mℹ️  Endpoint: GET /auth/me[0m
[0;34mℹ️  Token length: 1170 characters[0m
[0;34mℹ️  Token starts with: eyJhbGciOiJSUzI1NiIsInR5cCIgOiAiSldUIiwia2lkIiA6IC...[0m
[0;32m✅ ✓ User info with valid user token (HTTP 200)[0m
{
  "username": "user",
  "authorities": [
    "ROLE_CUSTOMER"
  ],
  "tokenAttributes": {
    "sub": "0783b74d-d453-4117-bc0e-8e4a04401517",
    "email": "user@minibank.com",
    "preferred_username": "user",
    "realm_access": {
      "roles": [
        "CUSTOMER"
      ]
    }
  }
}
{"username":"user","authorities":["ROLE_CUSTOMER"],"tokenAttributes":{"sub":"0783b74d-d453-4117-bc0e-8e4a04401517","email":"user@minibank.com","preferred_username":"user","realm_access":{"roles":["CUSTOMER"]}}}
[0;34mℹ️  Testing: Customer endpoint with CUSTOMER role[0m
[0;34mℹ️  Endpoint: GET /auth/customer[0m
[0;34mℹ️  Token length: 1170 characters[0m
[0;34mℹ️  Token starts with: eyJhbGciOiJSUzI1NiIsInR5cCIgOiAiSldUIiwia2lkIiA6IC...[0m
[0;32m✅ ✓ Customer endpoint with CUSTOMER role (HTTP 200)[0m
{
  "message": "Hello user! You have CUSTOMER access.",
  "role": "CUSTOMER"
}
{"message":"Hello user! You have CUSTOMER access.","role":"CUSTOMER"}
[0;34mℹ️  Testing: Admin endpoint with CUSTOMER role (should fail)[0m
[0;34mℹ️  Endpoint: GET /auth/admin[0m
[0;34mℹ️  Token length: 1170 characters[0m
[0;34mℹ️  Token starts with: eyJhbGciOiJSUzI1NiIsInR5cCIgOiAiSldUIiwia2lkIiA6IC...[0m
[0;31m❌ ✗ Admin endpoint with CUSTOMER role (should fail) (Expected HTTP 403, got 500)[0m
Response: {"error":"Internal Server Error","message":"Access Denied"}
