2025-01-15 18:32:53 INFO  [background-preinit] o.h.validator.internal.util.Version - HV000001: Hibernate Validator 8.0.2.Final
2025-01-15 18:32:53 INFO  [main] c.e.minibank.MinibankApplicationKt - Starting MinibankApplicationKt using Java 21.0.5 with PID 35082 (/home/dev/Projects/minibank/build/classes/kotlin/main started by dev in /home/dev/Projects/minibank)
2025-01-15 18:32:53 INFO  [main] c.e.minibank.MinibankApplicationKt - The following 1 profile is active: "dev"
2025-01-15 18:32:54 INFO  [main] o.s.d.r.c.RepositoryConfigurationDelegate - Bootstrapping Spring Data JPA repositories in DEFAULT mode.
2025-01-15 18:32:54 INFO  [main] o.s.d.r.c.RepositoryConfigurationDelegate - Finished Spring Data repository scanning in 50 ms. Found 1 JPA repository interface.
2025-01-15 18:36:30 INFO  [main] c.e.minibank.MinibankApplicationKt - Starting AOT-processed MinibankApplicationKt using Java 21.0.5 with PID 39783 (/home/dev/Projects/minibank/build/native/nativeCompile/minibank started by dev in /home/dev/Projects/minibank)
2025-01-15 18:36:30 INFO  [main] c.e.minibank.MinibankApplicationKt - The following 1 profile is active: "dev"
2025-01-15 18:36:30 INFO  [main] o.s.b.w.e.tomcat.TomcatWebServer - Tomcat initialized with port 8082 (http)
2025-01-15 18:36:30 INFO  [main] o.a.coyote.http11.Http11NioProtocol - Initializing ProtocolHandler ["http-nio-8082"]
2025-01-15 18:36:30 INFO  [main] o.a.catalina.core.StandardService - Starting service [Tomcat]
2025-01-15 18:36:30 INFO  [main] o.a.catalina.core.StandardEngine - Starting Servlet engine: [Apache Tomcat/10.1.34]
2025-01-15 18:36:30 INFO  [main] o.a.c.c.C.[Tomcat].[localhost].[/] - Initializing Spring embedded WebApplicationContext
2025-01-15 18:36:30 INFO  [main] o.s.b.w.s.c.ServletWebServerApplicationContext - Root WebApplicationContext: initialization completed in 18 ms
2025-01-15 18:36:30 WARN  [main] o.s.b.w.s.c.ServletWebServerApplicationContext - Exception encountered during context initialization - cancelling refresh attempt: org.springframework.beans.factory.BeanCreationException: Error creating bean with name 'entityManagerFactory': Failed to initialize dependency 'liquibase' of LoadTimeWeaverAware bean 'entityManagerFactory': Error creating bean with name 'liquibase': java.lang.NoSuchMethodException: liquibase.ui.LoggerUIService.<init>()
2025-01-15 18:36:30 INFO  [main] o.a.catalina.core.StandardService - Stopping service [Tomcat]
2025-01-15 18:36:32 INFO  [main] c.e.minibank.MinibankApplicationKt - Starting AOT-processed MinibankApplicationKt using Java 21.0.5 with PID 39795 (/home/dev/Projects/minibank/build/native/nativeCompile/minibank started by dev in /home/dev/Projects/minibank)
2025-01-15 18:36:32 INFO  [main] c.e.minibank.MinibankApplicationKt - The following 1 profile is active: "dev"
2025-01-15 18:36:32 INFO  [main] o.s.b.w.e.tomcat.TomcatWebServer - Tomcat initialized with port 8082 (http)
2025-01-15 18:36:32 INFO  [main] o.a.coyote.http11.Http11NioProtocol - Initializing ProtocolHandler ["http-nio-8082"]
2025-01-15 18:36:32 INFO  [main] o.a.catalina.core.StandardService - Starting service [Tomcat]
2025-01-15 18:36:32 INFO  [main] o.a.catalina.core.StandardEngine - Starting Servlet engine: [Apache Tomcat/10.1.34]
2025-01-15 18:36:32 INFO  [main] o.a.c.c.C.[Tomcat].[localhost].[/] - Initializing Spring embedded WebApplicationContext
2025-01-15 18:36:32 INFO  [main] o.s.b.w.s.c.ServletWebServerApplicationContext - Root WebApplicationContext: initialization completed in 17 ms
2025-01-15 18:36:32 WARN  [main] o.s.b.w.s.c.ServletWebServerApplicationContext - Exception encountered during context initialization - cancelling refresh attempt: org.springframework.beans.factory.BeanCreationException: Error creating bean with name 'entityManagerFactory': Failed to initialize dependency 'liquibase' of LoadTimeWeaverAware bean 'entityManagerFactory': Error creating bean with name 'liquibase': java.lang.NoSuchMethodException: liquibase.ui.LoggerUIService.<init>()
2025-01-15 18:36:32 INFO  [main] o.a.catalina.core.StandardService - Stopping service [Tomcat]
2025-01-15 18:36:37 INFO  [main] c.e.minibank.MinibankApplicationKt - Starting AOT-processed MinibankApplicationKt using Java 21.0.5 with PID 40035 (/home/dev/Projects/minibank/build/native/nativeCompile/minibank started by dev in /home/dev/Projects/minibank)
2025-01-15 18:36:37 INFO  [main] c.e.minibank.MinibankApplicationKt - The following 1 profile is active: "dev"
2025-01-15 18:36:37 INFO  [main] o.s.b.w.e.tomcat.TomcatWebServer - Tomcat initialized with port 8082 (http)
2025-01-15 18:36:37 INFO  [main] o.a.coyote.http11.Http11NioProtocol - Initializing ProtocolHandler ["http-nio-8082"]
2025-01-15 18:36:37 INFO  [main] o.a.catalina.core.StandardService - Starting service [Tomcat]
2025-01-15 18:36:37 INFO  [main] o.a.catalina.core.StandardEngine - Starting Servlet engine: [Apache Tomcat/10.1.34]
2025-01-15 18:36:37 INFO  [main] o.a.c.c.C.[Tomcat].[localhost].[/] - Initializing Spring embedded WebApplicationContext
2025-01-15 18:36:37 INFO  [main] o.s.b.w.s.c.ServletWebServerApplicationContext - Root WebApplicationContext: initialization completed in 18 ms
2025-01-15 18:36:37 WARN  [main] o.s.b.w.s.c.ServletWebServerApplicationContext - Exception encountered during context initialization - cancelling refresh attempt: org.springframework.beans.factory.BeanCreationException: Error creating bean with name 'entityManagerFactory': Failed to initialize dependency 'liquibase' of LoadTimeWeaverAware bean 'entityManagerFactory': Error creating bean with name 'liquibase': java.lang.NoSuchMethodException: liquibase.ui.LoggerUIService.<init>()
2025-01-15 18:36:37 INFO  [main] o.a.catalina.core.StandardService - Stopping service [Tomcat]
2025-01-15 18:37:29 INFO  [main] c.e.minibank.MinibankApplicationKt - Starting AOT-processed MinibankApplicationKt using Java 21.0.5 with PID 41420 (/home/dev/Projects/minibank/build/native/nativeCompile/minibank started by dev in /home/dev/Projects/minibank)
2025-01-15 18:37:29 INFO  [main] c.e.minibank.MinibankApplicationKt - The following 1 profile is active: "dev"
2025-01-15 18:37:29 INFO  [main] o.s.b.w.e.tomcat.TomcatWebServer - Tomcat initialized with port 8082 (http)
2025-01-15 18:37:29 INFO  [main] o.a.coyote.http11.Http11NioProtocol - Initializing ProtocolHandler ["http-nio-8082"]
2025-01-15 18:37:29 INFO  [main] o.a.catalina.core.StandardService - Starting service [Tomcat]
2025-01-15 18:37:29 INFO  [main] o.a.catalina.core.StandardEngine - Starting Servlet engine: [Apache Tomcat/10.1.34]
2025-01-15 18:37:29 INFO  [main] o.a.c.c.C.[Tomcat].[localhost].[/] - Initializing Spring embedded WebApplicationContext
2025-01-15 18:37:29 INFO  [main] o.s.b.w.s.c.ServletWebServerApplicationContext - Root WebApplicationContext: initialization completed in 16 ms
2025-01-15 18:37:29 WARN  [main] o.s.b.w.s.c.ServletWebServerApplicationContext - Exception encountered during context initialization - cancelling refresh attempt: org.springframework.beans.factory.BeanCreationException: Error creating bean with name 'entityManagerFactory': Failed to initialize dependency 'liquibase' of LoadTimeWeaverAware bean 'entityManagerFactory': Error creating bean with name 'liquibase': java.lang.NoSuchMethodException: liquibase.ui.LoggerUIService.<init>()
2025-01-15 18:37:29 INFO  [main] o.a.catalina.core.StandardService - Stopping service [Tomcat]
2025-01-15 18:39:02 INFO  [main] c.e.minibank.MinibankApplicationKt - Starting MinibankApplicationKt using Java 21.0.5 with PID 44019 (/home/dev/Projects/minibank/build/classes/kotlin/main started by dev in /home/dev/Projects/minibank)
2025-01-15 18:39:02 INFO  [main] c.e.minibank.MinibankApplicationKt - The following 1 profile is active: "dev"
2025-01-15 18:39:06 INFO  [main] o.s.d.r.c.RepositoryConfigurationDelegate - Bootstrapping Spring Data JPA repositories in DEFAULT mode.
2025-01-15 18:39:06 INFO  [main] o.s.d.r.c.RepositoryConfigurationDelegate - Finished Spring Data repository scanning in 151 ms. Found 1 JPA repository interface.
2025-01-15 18:39:09 INFO  [main] o.h.validator.internal.util.Version - HV000001: Hibernate Validator 8.0.2.Final
2025-01-15 18:39:16 INFO  [main] c.e.minibank.MinibankApplicationKt - Starting MinibankApplicationKt using Java 21.0.5 with PID 44541 (/home/dev/Projects/minibank/build/classes/kotlin/main started by dev in /home/dev/Projects/minibank)
2025-01-15 18:39:16 INFO  [main] c.e.minibank.MinibankApplicationKt - The following 1 profile is active: "dev"
2025-01-15 18:39:18 INFO  [main] o.s.d.r.c.RepositoryConfigurationDelegate - Bootstrapping Spring Data JPA repositories in DEFAULT mode.
2025-01-15 18:39:18 INFO  [main] o.s.d.r.c.RepositoryConfigurationDelegate - Finished Spring Data repository scanning in 148 ms. Found 1 JPA repository interface.
2025-01-15 18:39:20 INFO  [main] o.s.b.w.e.tomcat.TomcatWebServer - Tomcat initialized with port 8082 (http)
2025-01-15 18:39:20 INFO  [main] o.a.coyote.http11.Http11NioProtocol - Initializing ProtocolHandler ["http-nio-8082"]
2025-01-15 18:39:20 INFO  [main] o.a.catalina.core.StandardService - Starting service [Tomcat]
2025-01-15 18:39:20 INFO  [main] o.a.catalina.core.StandardEngine - Starting Servlet engine: [Apache Tomcat/10.1.34]
2025-01-15 18:39:20 INFO  [main] o.a.c.c.C.[Tomcat].[localhost].[/] - Initializing Spring embedded WebApplicationContext
2025-01-15 18:39:20 INFO  [main] o.s.b.w.s.c.ServletWebServerApplicationContext - Root WebApplicationContext: initialization completed in 4103 ms
2025-01-15 18:39:20 INFO  [main] com.zaxxer.hikari.HikariDataSource - HikariPool-1 - Starting...
2025-01-15 18:39:21 INFO  [main] com.zaxxer.hikari.pool.HikariPool - HikariPool-1 - Added connection org.postgresql.jdbc.PgConnection@36511772
2025-01-15 18:39:21 INFO  [main] com.zaxxer.hikari.HikariDataSource - HikariPool-1 - Start completed.
2025-01-15 18:39:21 INFO  [main] liquibase.database - Set default schema name to public
2025-01-15 18:39:22 INFO  [main] liquibase.changelog - Reading from public.databasechangelog
2025-01-15 18:39:22 INFO  [main] liquibase.ui - Database is up to date, no changesets to execute
2025-01-15 18:39:22 INFO  [main] liquibase.changelog - Reading from public.databasechangelog
2025-01-15 18:39:22 INFO  [main] liquibase.util - UPDATE SUMMARY
2025-01-15 18:39:22 INFO  [main] liquibase.util - Run:                          0
2025-01-15 18:39:22 INFO  [main] liquibase.util - Previously run:               2
2025-01-15 18:39:22 INFO  [main] liquibase.util - Filtered out:                 0
2025-01-15 18:39:22 INFO  [main] liquibase.util - -------------------------------
2025-01-15 18:39:22 INFO  [main] liquibase.util - Total change sets:            2
2025-01-15 18:39:22 INFO  [main] liquibase.util - Update summary generated
2025-01-15 18:39:22 INFO  [main] liquibase.command - Command execution complete
2025-01-15 18:39:22 INFO  [main] o.h.jpa.internal.util.LogHelper - HHH000204: Processing PersistenceUnitInfo [name: default]
2025-01-15 18:39:22 INFO  [main] org.hibernate.Version - HHH000412: Hibernate ORM core version 6.6.4.Final
2025-01-15 18:39:22 INFO  [main] o.h.c.i.RegionFactoryInitiator - HHH000026: Second-level cache disabled
2025-01-15 18:39:22 WARN  [main] org.hibernate.orm.deprecation - HHH90000025: PostgreSQLDialect does not need to be specified explicitly using 'hibernate.dialect' (remove the property setting and it will be selected by default)
2025-01-15 18:39:22 INFO  [main] o.hibernate.orm.connections.pooling - HHH10001005: Database info:
	Database JDBC URL [Connecting through datasource 'HikariDataSource (HikariPool-1)']
	Database driver: undefined/unknown
	Database version: 17.2
	Autocommit mode: undefined/unknown
	Isolation level: undefined/unknown
	Minimum pool size: undefined/unknown
	Maximum pool size: undefined/unknown
2025-01-15 18:39:23 INFO  [main] o.h.validator.internal.util.Version - HV000001: Hibernate Validator 8.0.2.Final
2025-01-15 18:39:24 INFO  [main] o.h.e.t.j.p.i.JtaPlatformInitiator - HHH000489: No JTA platform available (set 'hibernate.transaction.jta.platform' to enable JTA platform integration)
2025-01-15 18:39:24 INFO  [main] o.s.o.j.LocalContainerEntityManagerFactoryBean - Initialized JPA EntityManagerFactory for persistence unit 'default'
2025-01-15 18:39:25 WARN  [main] o.s.b.a.o.j.JpaBaseConfiguration$JpaWebConfiguration - spring.jpa.open-in-view is enabled by default. Therefore, database queries may be performed during view rendering. Explicitly configure spring.jpa.open-in-view to disable this warning
2025-01-15 18:39:27 INFO  [main] o.a.coyote.http11.Http11NioProtocol - Starting ProtocolHandler ["http-nio-8082"]
2025-01-15 18:39:27 INFO  [main] o.s.b.w.e.tomcat.TomcatWebServer - Tomcat started on port 8082 (http) with context path '/'
2025-01-15 18:39:27 INFO  [main] c.e.minibank.MinibankApplicationKt - Started MinibankApplicationKt in 12.126 seconds (process running for 12.436)
2025-01-15 18:39:38 INFO  [SpringApplicationShutdownHook] o.s.b.w.e.tomcat.GracefulShutdown - Commencing graceful shutdown. Waiting for active requests to complete
2025-01-15 18:39:38 INFO  [tomcat-shutdown] o.s.b.w.e.tomcat.GracefulShutdown - Graceful shutdown complete
2025-01-15 18:39:38 INFO  [SpringApplicationShutdownHook] o.s.o.j.LocalContainerEntityManagerFactoryBean - Closing JPA EntityManagerFactory for persistence unit 'default'
2025-01-15 18:39:38 INFO  [SpringApplicationShutdownHook] com.zaxxer.hikari.HikariDataSource - HikariPool-1 - Shutdown initiated...
2025-01-15 18:39:38 INFO  [SpringApplicationShutdownHook] com.zaxxer.hikari.HikariDataSource - HikariPool-1 - Shutdown completed.
2025-01-15 18:44:32 INFO  [background-preinit] o.h.validator.internal.util.Version - HV000001: Hibernate Validator 8.0.2.Final
2025-01-15 18:44:32 INFO  [main] c.e.minibank.MinibankApplicationKt - Starting MinibankApplicationKt using Java 21.0.5 with PID 52035 (/home/dev/Projects/minibank/build/classes/kotlin/main started by dev in /home/dev/Projects/minibank)
2025-01-15 18:44:32 INFO  [main] c.e.minibank.MinibankApplicationKt - The following 1 profile is active: "dev"
2025-01-15 18:44:33 INFO  [main] o.s.d.r.c.RepositoryConfigurationDelegate - Bootstrapping Spring Data JPA repositories in DEFAULT mode.
2025-01-15 18:44:33 INFO  [main] o.s.d.r.c.RepositoryConfigurationDelegate - Finished Spring Data repository scanning in 46 ms. Found 1 JPA repository interface.
2025-01-15 18:48:08 INFO  [main] c.e.minibank.MinibankApplicationKt - Starting AOT-processed MinibankApplicationKt using Java 21.0.5 with PID 56859 (/home/dev/Projects/minibank/build/native/nativeCompile/minibank started by dev in /home/dev/Projects/minibank)
2025-01-15 18:48:08 INFO  [main] c.e.minibank.MinibankApplicationKt - The following 1 profile is active: "dev"
2025-01-15 18:48:08 INFO  [main] o.s.b.w.e.tomcat.TomcatWebServer - Tomcat initialized with port 8082 (http)
2025-01-15 18:48:08 INFO  [main] o.a.coyote.http11.Http11NioProtocol - Initializing ProtocolHandler ["http-nio-8082"]
2025-01-15 18:48:08 INFO  [main] o.a.catalina.core.StandardService - Starting service [Tomcat]
2025-01-15 18:48:08 INFO  [main] o.a.catalina.core.StandardEngine - Starting Servlet engine: [Apache Tomcat/10.1.34]
2025-01-15 18:48:08 INFO  [main] o.a.c.c.C.[Tomcat].[localhost].[/] - Initializing Spring embedded WebApplicationContext
2025-01-15 18:48:08 INFO  [main] o.s.b.w.s.c.ServletWebServerApplicationContext - Root WebApplicationContext: initialization completed in 19 ms
2025-01-15 18:48:08 WARN  [main] o.s.b.w.s.c.ServletWebServerApplicationContext - Exception encountered during context initialization - cancelling refresh attempt: org.springframework.beans.factory.BeanCreationException: Error creating bean with name 'entityManagerFactory': Failed to initialize dependency 'liquibase' of LoadTimeWeaverAware bean 'entityManagerFactory': Error creating bean with name 'liquibase': java.lang.NoSuchMethodException: liquibase.ui.LoggerUIService.<init>()
2025-01-15 18:48:08 INFO  [main] o.a.catalina.core.StandardService - Stopping service [Tomcat]
2025-01-15 18:48:12 INFO  [main] c.e.minibank.MinibankApplicationKt - Starting AOT-processed MinibankApplicationKt using Java 21.0.5 with PID 56871 (/home/dev/Projects/minibank/build/native/nativeCompile/minibank started by dev in /home/dev/Projects/minibank)
2025-01-15 18:48:12 INFO  [main] c.e.minibank.MinibankApplicationKt - The following 1 profile is active: "dev"
2025-01-15 18:48:12 INFO  [main] o.s.b.w.e.tomcat.TomcatWebServer - Tomcat initialized with port 8082 (http)
2025-01-15 18:48:12 INFO  [main] o.a.coyote.http11.Http11NioProtocol - Initializing ProtocolHandler ["http-nio-8082"]
2025-01-15 18:48:12 INFO  [main] o.a.catalina.core.StandardService - Starting service [Tomcat]
2025-01-15 18:48:12 INFO  [main] o.a.catalina.core.StandardEngine - Starting Servlet engine: [Apache Tomcat/10.1.34]
2025-01-15 18:48:12 INFO  [main] o.a.c.c.C.[Tomcat].[localhost].[/] - Initializing Spring embedded WebApplicationContext
2025-01-15 18:48:12 INFO  [main] o.s.b.w.s.c.ServletWebServerApplicationContext - Root WebApplicationContext: initialization completed in 18 ms
2025-01-15 18:48:12 WARN  [main] o.s.b.w.s.c.ServletWebServerApplicationContext - Exception encountered during context initialization - cancelling refresh attempt: org.springframework.beans.factory.BeanCreationException: Error creating bean with name 'entityManagerFactory': Failed to initialize dependency 'liquibase' of LoadTimeWeaverAware bean 'entityManagerFactory': Error creating bean with name 'liquibase': java.lang.NoSuchMethodException: liquibase.ui.LoggerUIService.<init>()
2025-01-15 18:48:12 INFO  [main] o.a.catalina.core.StandardService - Stopping service [Tomcat]
2025-01-15 18:48:15 INFO  [main] c.e.minibank.MinibankApplicationKt - Starting AOT-processed MinibankApplicationKt using Java 21.0.5 with PID 56883 (/home/dev/Projects/minibank/build/native/nativeCompile/minibank started by dev in /home/dev/Projects/minibank)
2025-01-15 18:48:15 INFO  [main] c.e.minibank.MinibankApplicationKt - The following 1 profile is active: "dev"
2025-01-15 18:48:15 INFO  [main] o.s.b.w.e.tomcat.TomcatWebServer - Tomcat initialized with port 8082 (http)
2025-01-15 18:48:15 INFO  [main] o.a.coyote.http11.Http11NioProtocol - Initializing ProtocolHandler ["http-nio-8082"]
2025-01-15 18:48:15 INFO  [main] o.a.catalina.core.StandardService - Starting service [Tomcat]
2025-01-15 18:48:15 INFO  [main] o.a.catalina.core.StandardEngine - Starting Servlet engine: [Apache Tomcat/10.1.34]
2025-01-15 18:48:15 INFO  [main] o.a.c.c.C.[Tomcat].[localhost].[/] - Initializing Spring embedded WebApplicationContext
2025-01-15 18:48:15 INFO  [main] o.s.b.w.s.c.ServletWebServerApplicationContext - Root WebApplicationContext: initialization completed in 16 ms
2025-01-15 18:48:15 WARN  [main] o.s.b.w.s.c.ServletWebServerApplicationContext - Exception encountered during context initialization - cancelling refresh attempt: org.springframework.beans.factory.BeanCreationException: Error creating bean with name 'entityManagerFactory': Failed to initialize dependency 'liquibase' of LoadTimeWeaverAware bean 'entityManagerFactory': Error creating bean with name 'liquibase': java.lang.NoSuchMethodException: liquibase.ui.LoggerUIService.<init>()
2025-01-15 18:48:15 INFO  [main] o.a.catalina.core.StandardService - Stopping service [Tomcat]
2025-01-15 18:48:16 INFO  [main] c.e.minibank.MinibankApplicationKt - Starting AOT-processed MinibankApplicationKt using Java 21.0.5 with PID 56895 (/home/dev/Projects/minibank/build/native/nativeCompile/minibank started by dev in /home/dev/Projects/minibank)
2025-01-15 18:48:16 INFO  [main] c.e.minibank.MinibankApplicationKt - The following 1 profile is active: "dev"
2025-01-15 18:48:16 INFO  [main] o.s.b.w.e.tomcat.TomcatWebServer - Tomcat initialized with port 8082 (http)
2025-01-15 18:48:16 INFO  [main] o.a.coyote.http11.Http11NioProtocol - Initializing ProtocolHandler ["http-nio-8082"]
2025-01-15 18:48:16 INFO  [main] o.a.catalina.core.StandardService - Starting service [Tomcat]
2025-01-15 18:48:16 INFO  [main] o.a.catalina.core.StandardEngine - Starting Servlet engine: [Apache Tomcat/10.1.34]
2025-01-15 18:48:16 INFO  [main] o.a.c.c.C.[Tomcat].[localhost].[/] - Initializing Spring embedded WebApplicationContext
2025-01-15 18:48:16 INFO  [main] o.s.b.w.s.c.ServletWebServerApplicationContext - Root WebApplicationContext: initialization completed in 16 ms
2025-01-15 18:48:16 WARN  [main] o.s.b.w.s.c.ServletWebServerApplicationContext - Exception encountered during context initialization - cancelling refresh attempt: org.springframework.beans.factory.BeanCreationException: Error creating bean with name 'entityManagerFactory': Failed to initialize dependency 'liquibase' of LoadTimeWeaverAware bean 'entityManagerFactory': Error creating bean with name 'liquibase': java.lang.NoSuchMethodException: liquibase.ui.LoggerUIService.<init>()
2025-01-15 18:48:16 INFO  [main] o.a.catalina.core.StandardService - Stopping service [Tomcat]
2025-01-15 18:48:16 INFO  [main] c.e.minibank.MinibankApplicationKt - Starting AOT-processed MinibankApplicationKt using Java 21.0.5 with PID 57113 (/home/dev/Projects/minibank/build/native/nativeCompile/minibank started by dev in /home/dev/Projects/minibank)
2025-01-15 18:48:16 INFO  [main] c.e.minibank.MinibankApplicationKt - The following 1 profile is active: "dev"
2025-01-15 18:48:16 INFO  [main] o.s.b.w.e.tomcat.TomcatWebServer - Tomcat initialized with port 8082 (http)
2025-01-15 18:48:16 INFO  [main] o.a.coyote.http11.Http11NioProtocol - Initializing ProtocolHandler ["http-nio-8082"]
2025-01-15 18:48:16 INFO  [main] o.a.catalina.core.StandardService - Starting service [Tomcat]
2025-01-15 18:48:16 INFO  [main] o.a.catalina.core.StandardEngine - Starting Servlet engine: [Apache Tomcat/10.1.34]
2025-01-15 18:48:16 INFO  [main] o.a.c.c.C.[Tomcat].[localhost].[/] - Initializing Spring embedded WebApplicationContext
2025-01-15 18:48:16 INFO  [main] o.s.b.w.s.c.ServletWebServerApplicationContext - Root WebApplicationContext: initialization completed in 17 ms
2025-01-15 18:48:16 WARN  [main] o.s.b.w.s.c.ServletWebServerApplicationContext - Exception encountered during context initialization - cancelling refresh attempt: org.springframework.beans.factory.BeanCreationException: Error creating bean with name 'entityManagerFactory': Failed to initialize dependency 'liquibase' of LoadTimeWeaverAware bean 'entityManagerFactory': Error creating bean with name 'liquibase': java.lang.NoSuchMethodException: liquibase.ui.LoggerUIService.<init>()
2025-01-15 18:48:16 INFO  [main] o.a.catalina.core.StandardService - Stopping service [Tomcat]
2025-01-15 18:48:17 INFO  [main] c.e.minibank.MinibankApplicationKt - Starting AOT-processed MinibankApplicationKt using Java 21.0.5 with PID 57125 (/home/dev/Projects/minibank/build/native/nativeCompile/minibank started by dev in /home/dev/Projects/minibank)
2025-01-15 18:48:17 INFO  [main] c.e.minibank.MinibankApplicationKt - The following 1 profile is active: "dev"
2025-01-15 18:48:17 INFO  [main] o.s.b.w.e.tomcat.TomcatWebServer - Tomcat initialized with port 8082 (http)
2025-01-15 18:48:17 INFO  [main] o.a.coyote.http11.Http11NioProtocol - Initializing ProtocolHandler ["http-nio-8082"]
2025-01-15 18:48:17 INFO  [main] o.a.catalina.core.StandardService - Starting service [Tomcat]
2025-01-15 18:48:17 INFO  [main] o.a.catalina.core.StandardEngine - Starting Servlet engine: [Apache Tomcat/10.1.34]
2025-01-15 18:48:17 INFO  [main] o.a.c.c.C.[Tomcat].[localhost].[/] - Initializing Spring embedded WebApplicationContext
2025-01-15 18:48:17 INFO  [main] o.s.b.w.s.c.ServletWebServerApplicationContext - Root WebApplicationContext: initialization completed in 16 ms
2025-01-15 18:48:17 WARN  [main] o.s.b.w.s.c.ServletWebServerApplicationContext - Exception encountered during context initialization - cancelling refresh attempt: org.springframework.beans.factory.BeanCreationException: Error creating bean with name 'entityManagerFactory': Failed to initialize dependency 'liquibase' of LoadTimeWeaverAware bean 'entityManagerFactory': Error creating bean with name 'liquibase': java.lang.NoSuchMethodException: liquibase.ui.LoggerUIService.<init>()
2025-01-15 18:48:17 INFO  [main] o.a.catalina.core.StandardService - Stopping service [Tomcat]
2025-01-15 18:51:18 INFO  [main] c.e.minibank.MinibankApplicationKt - Starting MinibankApplicationKt using Java 21.0.5 with PID 61013 (/home/dev/Projects/minibank/build/classes/kotlin/main started by dev in /home/dev/Projects/minibank)
2025-01-15 18:51:18 INFO  [main] c.e.minibank.MinibankApplicationKt - The following 1 profile is active: "dev"
2025-01-15 18:51:21 INFO  [main] o.s.d.r.c.RepositoryConfigurationDelegate - Bootstrapping Spring Data JPA repositories in DEFAULT mode.
2025-01-15 18:51:21 INFO  [main] o.s.d.r.c.RepositoryConfigurationDelegate - Finished Spring Data repository scanning in 93 ms. Found 1 JPA repository interface.
2025-01-15 18:51:24 INFO  [main] o.h.validator.internal.util.Version - HV000001: Hibernate Validator 8.0.2.Final
2025-01-15 18:51:31 INFO  [main] c.e.minibank.MinibankApplicationKt - Starting MinibankApplicationKt using Java 21.0.5 with PID 61529 (/home/dev/Projects/minibank/build/classes/kotlin/main started by dev in /home/dev/Projects/minibank)
2025-01-15 18:51:31 INFO  [main] c.e.minibank.MinibankApplicationKt - The following 1 profile is active: "dev"
2025-01-15 18:51:33 INFO  [main] o.s.d.r.c.RepositoryConfigurationDelegate - Bootstrapping Spring Data JPA repositories in DEFAULT mode.
2025-01-15 18:51:33 INFO  [main] o.s.d.r.c.RepositoryConfigurationDelegate - Finished Spring Data repository scanning in 90 ms. Found 1 JPA repository interface.
2025-01-15 18:51:35 INFO  [main] o.s.b.w.e.tomcat.TomcatWebServer - Tomcat initialized with port 8082 (http)
2025-01-15 18:51:35 INFO  [main] o.a.coyote.http11.Http11NioProtocol - Initializing ProtocolHandler ["http-nio-8082"]
2025-01-15 18:51:35 INFO  [main] o.a.catalina.core.StandardService - Starting service [Tomcat]
2025-01-15 18:51:35 INFO  [main] o.a.catalina.core.StandardEngine - Starting Servlet engine: [Apache Tomcat/10.1.34]
2025-01-15 18:51:35 INFO  [main] o.a.c.c.C.[Tomcat].[localhost].[/] - Initializing Spring embedded WebApplicationContext
2025-01-15 18:51:35 INFO  [main] o.s.b.w.s.c.ServletWebServerApplicationContext - Root WebApplicationContext: initialization completed in 4055 ms
2025-01-15 18:51:36 INFO  [main] com.zaxxer.hikari.HikariDataSource - HikariPool-1 - Starting...
2025-01-15 18:51:36 INFO  [main] com.zaxxer.hikari.pool.HikariPool - HikariPool-1 - Added connection org.postgresql.jdbc.PgConnection@46591e98
2025-01-15 18:51:36 INFO  [main] com.zaxxer.hikari.HikariDataSource - HikariPool-1 - Start completed.
2025-01-15 18:51:36 INFO  [main] liquibase.database - Set default schema name to public
2025-01-15 18:51:37 INFO  [main] liquibase.changelog - Reading from public.databasechangelog
2025-01-15 18:51:37 INFO  [main] liquibase.ui - Database is up to date, no changesets to execute
2025-01-15 18:51:37 INFO  [main] liquibase.changelog - Reading from public.databasechangelog
2025-01-15 18:51:37 INFO  [main] liquibase.util - UPDATE SUMMARY
2025-01-15 18:51:37 INFO  [main] liquibase.util - Run:                          0
2025-01-15 18:51:37 INFO  [main] liquibase.util - Previously run:               2
2025-01-15 18:51:37 INFO  [main] liquibase.util - Filtered out:                 0
2025-01-15 18:51:37 INFO  [main] liquibase.util - -------------------------------
2025-01-15 18:51:37 INFO  [main] liquibase.util - Total change sets:            2
2025-01-15 18:51:37 INFO  [main] liquibase.util - Update summary generated
2025-01-15 18:51:37 INFO  [main] liquibase.command - Command execution complete
2025-01-15 18:51:37 INFO  [main] o.h.jpa.internal.util.LogHelper - HHH000204: Processing PersistenceUnitInfo [name: default]
2025-01-15 18:51:37 INFO  [main] org.hibernate.Version - HHH000412: Hibernate ORM core version 6.6.4.Final
2025-01-15 18:51:37 INFO  [main] o.h.c.i.RegionFactoryInitiator - HHH000026: Second-level cache disabled
2025-01-15 18:51:37 WARN  [main] org.hibernate.orm.deprecation - HHH90000025: PostgreSQLDialect does not need to be specified explicitly using 'hibernate.dialect' (remove the property setting and it will be selected by default)
2025-01-15 18:51:37 INFO  [main] o.hibernate.orm.connections.pooling - HHH10001005: Database info:
	Database JDBC URL [Connecting through datasource 'HikariDataSource (HikariPool-1)']
	Database driver: undefined/unknown
	Database version: 17.2
	Autocommit mode: undefined/unknown
	Isolation level: undefined/unknown
	Minimum pool size: undefined/unknown
	Maximum pool size: undefined/unknown
2025-01-15 18:51:38 INFO  [main] o.h.validator.internal.util.Version - HV000001: Hibernate Validator 8.0.2.Final
2025-01-15 18:51:39 INFO  [main] o.h.e.t.j.p.i.JtaPlatformInitiator - HHH000489: No JTA platform available (set 'hibernate.transaction.jta.platform' to enable JTA platform integration)
2025-01-15 18:51:39 INFO  [main] o.s.o.j.LocalContainerEntityManagerFactoryBean - Initialized JPA EntityManagerFactory for persistence unit 'default'
2025-01-15 18:51:40 WARN  [main] o.s.b.a.o.j.JpaBaseConfiguration$JpaWebConfiguration - spring.jpa.open-in-view is enabled by default. Therefore, database queries may be performed during view rendering. Explicitly configure spring.jpa.open-in-view to disable this warning
2025-01-15 18:51:42 INFO  [main] o.a.coyote.http11.Http11NioProtocol - Starting ProtocolHandler ["http-nio-8082"]
2025-01-15 18:51:42 INFO  [main] o.s.b.w.e.tomcat.TomcatWebServer - Tomcat started on port 8082 (http) with context path '/'
2025-01-15 18:51:42 INFO  [main] c.e.minibank.MinibankApplicationKt - Started MinibankApplicationKt in 11.711 seconds (process running for 12.036)
2025-01-15 20:57:46 INFO  [SpringApplicationShutdownHook] o.s.b.w.e.tomcat.GracefulShutdown - Commencing graceful shutdown. Waiting for active requests to complete
2025-01-15 20:57:46 INFO  [tomcat-shutdown] o.s.b.w.e.tomcat.GracefulShutdown - Graceful shutdown complete
2025-01-15 20:57:46 INFO  [SpringApplicationShutdownHook] o.s.o.j.LocalContainerEntityManagerFactoryBean - Closing JPA EntityManagerFactory for persistence unit 'default'
2025-01-15 20:57:46 INFO  [SpringApplicationShutdownHook] com.zaxxer.hikari.HikariDataSource - HikariPool-1 - Shutdown initiated...
2025-01-15 20:57:46 INFO  [SpringApplicationShutdownHook] com.zaxxer.hikari.HikariDataSource - HikariPool-1 - Shutdown completed.
2025-01-15 20:59:07 INFO  [background-preinit] o.h.validator.internal.util.Version - HV000001: Hibernate Validator 8.0.2.Final
2025-01-15 20:59:07 INFO  [main] c.e.minibank.MinibankApplicationKt - Starting MinibankApplicationKt using Java 21.0.5 with PID 20341 (/home/dev/Projects/minibank/build/classes/kotlin/main started by dev in /home/dev/Projects/minibank)
2025-01-15 20:59:07 INFO  [main] c.e.minibank.MinibankApplicationKt - The following 1 profile is active: "dev"
2025-01-15 20:59:08 INFO  [main] o.s.d.r.c.RepositoryConfigurationDelegate - Bootstrapping Spring Data JPA repositories in DEFAULT mode.
2025-01-15 20:59:08 INFO  [main] o.s.d.r.c.RepositoryConfigurationDelegate - Finished Spring Data repository scanning in 65 ms. Found 1 JPA repository interface.
2025-01-15 21:03:02 INFO  [main] c.e.minibank.MinibankApplicationKt - Starting AOT-processed MinibankApplicationKt using Java 21.0.5 with PID 25703 (/home/dev/Projects/minibank/build/native/nativeCompile/minibank started by dev in /home/dev/Projects/minibank)
2025-01-15 21:03:02 INFO  [main] c.e.minibank.MinibankApplicationKt - The following 1 profile is active: "dev"
2025-01-15 21:03:02 INFO  [main] o.s.b.w.e.tomcat.TomcatWebServer - Tomcat initialized with port 8082 (http)
2025-01-15 21:03:02 INFO  [main] o.a.coyote.http11.Http11NioProtocol - Initializing ProtocolHandler ["http-nio-8082"]
2025-01-15 21:03:02 INFO  [main] o.a.catalina.core.StandardService - Starting service [Tomcat]
2025-01-15 21:03:02 INFO  [main] o.a.catalina.core.StandardEngine - Starting Servlet engine: [Apache Tomcat/10.1.34]
2025-01-15 21:03:02 INFO  [main] o.a.c.c.C.[Tomcat].[localhost].[/] - Initializing Spring embedded WebApplicationContext
2025-01-15 21:03:02 INFO  [main] o.s.b.w.s.c.ServletWebServerApplicationContext - Root WebApplicationContext: initialization completed in 19 ms
2025-01-15 21:03:02 INFO  [main] com.zaxxer.hikari.HikariDataSource - HikariPool-1 - Starting...
2025-01-15 21:03:02 INFO  [main] com.zaxxer.hikari.pool.HikariPool - HikariPool-1 - Added connection org.postgresql.jdbc.PgConnection@7ac4a58a
2025-01-15 21:03:02 INFO  [main] com.zaxxer.hikari.HikariDataSource - HikariPool-1 - Start completed.
2025-01-15 21:03:02 INFO  [main] liquibase.database - Set default schema name to public
2025-01-15 21:03:02 INFO  [main] liquibase.changelog - Reading from public.databasechangelog
2025-01-15 21:03:02 INFO  [main] liquibase.ui - Database is up to date, no changesets to execute
2025-01-15 21:03:02 INFO  [main] liquibase.changelog - Reading from public.databasechangelog
2025-01-15 21:03:02 INFO  [main] liquibase.util - UPDATE SUMMARY
2025-01-15 21:03:02 INFO  [main] liquibase.util - Run:                          0
2025-01-15 21:03:02 INFO  [main] liquibase.util - Previously run:               2
2025-01-15 21:03:02 INFO  [main] liquibase.util - Filtered out:                 0
2025-01-15 21:03:02 INFO  [main] liquibase.util - -------------------------------
2025-01-15 21:03:02 INFO  [main] liquibase.util - Total change sets:            2
2025-01-15 21:03:02 INFO  [main] liquibase.util - Update summary generated
2025-01-15 21:03:02 INFO  [main] liquibase.command - Command execution complete
2025-01-15 21:03:02 INFO  [main] o.h.jpa.internal.util.LogHelper - HHH000204: Processing PersistenceUnitInfo [name: default]
2025-01-15 21:03:02 INFO  [main] org.hibernate.Version - HHH000412: Hibernate ORM core version 6.6.4.Final
2025-01-15 21:03:02 INFO  [main] o.h.c.i.RegionFactoryInitiator - HHH000026: Second-level cache disabled
2025-01-15 21:03:02 WARN  [main] org.hibernate.orm.deprecation - HHH90000025: PostgreSQLDialect does not need to be specified explicitly using 'hibernate.dialect' (remove the property setting and it will be selected by default)
2025-01-15 21:03:02 INFO  [main] o.hibernate.orm.connections.pooling - HHH10001005: Database info:
	Database JDBC URL [Connecting through datasource 'HikariDataSource (HikariPool-1)']
	Database driver: undefined/unknown
	Database version: 17.2
	Autocommit mode: undefined/unknown
	Isolation level: undefined/unknown
	Minimum pool size: undefined/unknown
	Maximum pool size: undefined/unknown
2025-01-15 21:03:02 WARN  [main] o.s.b.w.s.c.ServletWebServerApplicationContext - Exception encountered during context initialization - cancelling refresh attempt: org.springframework.beans.factory.BeanCreationException: Error creating bean with name 'entityManagerFactory': org.hibernate.bytecode.spi.BytecodeProvider: org.hibernate.bytecode.internal.bytebuddy.BytecodeProviderImpl Unable to get public no-arg constructor
2025-01-15 21:03:02 INFO  [main] com.zaxxer.hikari.HikariDataSource - HikariPool-1 - Shutdown initiated...
2025-01-15 21:03:02 INFO  [main] com.zaxxer.hikari.HikariDataSource - HikariPool-1 - Shutdown completed.
2025-01-15 21:03:02 INFO  [main] o.a.catalina.core.StandardService - Stopping service [Tomcat]
2025-01-15 21:14:27 INFO  [main] c.e.minibank.MinibankApplicationKt - Starting MinibankApplicationKt using Java 21.0.5 with PID 42207 (/home/dev/Projects/minibank/build/classes/kotlin/main started by dev in /home/dev/Projects/minibank)
2025-01-15 21:14:27 INFO  [main] c.e.minibank.MinibankApplicationKt - The following 1 profile is active: "dev"
2025-01-15 21:14:30 INFO  [main] o.s.d.r.c.RepositoryConfigurationDelegate - Bootstrapping Spring Data JPA repositories in DEFAULT mode.
2025-01-15 21:14:30 INFO  [main] o.s.d.r.c.RepositoryConfigurationDelegate - Finished Spring Data repository scanning in 98 ms. Found 1 JPA repository interface.
2025-01-15 21:14:33 INFO  [main] o.h.validator.internal.util.Version - HV000001: Hibernate Validator 8.0.2.Final
2025-01-15 21:14:42 INFO  [main] c.e.minibank.MinibankApplicationKt - Starting MinibankApplicationKt using Java 21.0.5 with PID 42540 (/home/dev/Projects/minibank/build/classes/kotlin/main started by dev in /home/dev/Projects/minibank)
2025-01-15 21:14:42 INFO  [main] c.e.minibank.MinibankApplicationKt - The following 1 profile is active: "dev"
2025-01-15 21:14:45 INFO  [main] o.s.d.r.c.RepositoryConfigurationDelegate - Bootstrapping Spring Data JPA repositories in DEFAULT mode.
2025-01-15 21:14:45 INFO  [main] o.s.d.r.c.RepositoryConfigurationDelegate - Finished Spring Data repository scanning in 116 ms. Found 1 JPA repository interface.
2025-01-15 21:14:46 INFO  [main] o.s.b.w.e.tomcat.TomcatWebServer - Tomcat initialized with port 8082 (http)
2025-01-15 21:14:46 INFO  [main] o.a.coyote.http11.Http11NioProtocol - Initializing ProtocolHandler ["http-nio-8082"]
2025-01-15 21:14:46 INFO  [main] o.a.catalina.core.StandardService - Starting service [Tomcat]
2025-01-15 21:14:46 INFO  [main] o.a.catalina.core.StandardEngine - Starting Servlet engine: [Apache Tomcat/10.1.34]
2025-01-15 21:14:46 INFO  [main] o.a.c.c.C.[Tomcat].[localhost].[/] - Initializing Spring embedded WebApplicationContext
2025-01-15 21:14:46 INFO  [main] o.s.b.w.s.c.ServletWebServerApplicationContext - Root WebApplicationContext: initialization completed in 4136 ms
2025-01-15 21:14:47 INFO  [main] com.zaxxer.hikari.HikariDataSource - HikariPool-1 - Starting...
2025-01-15 21:14:47 INFO  [main] com.zaxxer.hikari.pool.HikariPool - HikariPool-1 - Added connection org.postgresql.jdbc.PgConnection@3a8b9458
2025-01-15 21:14:47 INFO  [main] com.zaxxer.hikari.HikariDataSource - HikariPool-1 - Start completed.
2025-01-15 21:14:47 INFO  [main] liquibase.database - Set default schema name to public
2025-01-15 21:14:48 INFO  [main] liquibase.changelog - Reading from public.databasechangelog
2025-01-15 21:14:48 INFO  [main] liquibase.ui - Database is up to date, no changesets to execute
2025-01-15 21:14:48 INFO  [main] liquibase.changelog - Reading from public.databasechangelog
2025-01-15 21:14:48 INFO  [main] liquibase.util - UPDATE SUMMARY
2025-01-15 21:14:48 INFO  [main] liquibase.util - Run:                          0
2025-01-15 21:14:48 INFO  [main] liquibase.util - Previously run:               2
2025-01-15 21:14:48 INFO  [main] liquibase.util - Filtered out:                 0
2025-01-15 21:14:48 INFO  [main] liquibase.util - -------------------------------
2025-01-15 21:14:48 INFO  [main] liquibase.util - Total change sets:            2
2025-01-15 21:14:48 INFO  [main] liquibase.util - Update summary generated
2025-01-15 21:14:48 INFO  [main] liquibase.command - Command execution complete
2025-01-15 21:14:48 INFO  [main] o.h.jpa.internal.util.LogHelper - HHH000204: Processing PersistenceUnitInfo [name: default]
2025-01-15 21:14:48 INFO  [main] org.hibernate.Version - HHH000412: Hibernate ORM core version 6.1.1.Final
2025-01-15 21:14:48 WARN  [main] org.hibernate.orm.deprecation - HHH90000021: Encountered deprecated setting [javax.persistence.sharedCache.mode], use [jakarta.persistence.sharedCache.mode] instead
2025-01-15 21:14:48 INFO  [main] SQL dialect - HHH000400: Using dialect: org.hibernate.dialect.PostgreSQLDialect
2025-01-15 21:14:49 INFO  [main] o.h.validator.internal.util.Version - HV000001: Hibernate Validator 8.0.2.Final
2025-01-15 21:14:49 INFO  [main] o.h.e.t.j.p.i.JtaPlatformInitiator - HHH000490: Using JtaPlatform implementation: [org.hibernate.engine.transaction.jta.platform.internal.NoJtaPlatform]
2025-01-15 21:14:49 INFO  [main] o.s.o.j.LocalContainerEntityManagerFactoryBean - Initialized JPA EntityManagerFactory for persistence unit 'default'
2025-01-15 21:14:51 WARN  [main] o.s.b.a.o.j.JpaBaseConfiguration$JpaWebConfiguration - spring.jpa.open-in-view is enabled by default. Therefore, database queries may be performed during view rendering. Explicitly configure spring.jpa.open-in-view to disable this warning
2025-01-15 21:14:53 INFO  [main] o.a.coyote.http11.Http11NioProtocol - Starting ProtocolHandler ["http-nio-8082"]
2025-01-15 21:14:53 INFO  [main] o.s.b.w.e.tomcat.TomcatWebServer - Tomcat started on port 8082 (http) with context path '/'
2025-01-15 21:14:53 INFO  [main] c.e.minibank.MinibankApplicationKt - Started MinibankApplicationKt in 11.408 seconds (process running for 11.814)
2025-01-15 21:15:53 INFO  [SpringApplicationShutdownHook] o.s.b.w.e.tomcat.GracefulShutdown - Commencing graceful shutdown. Waiting for active requests to complete
2025-01-15 21:15:53 INFO  [tomcat-shutdown] o.s.b.w.e.tomcat.GracefulShutdown - Graceful shutdown complete
2025-01-15 21:15:53 INFO  [SpringApplicationShutdownHook] o.s.o.j.LocalContainerEntityManagerFactoryBean - Closing JPA EntityManagerFactory for persistence unit 'default'
2025-01-15 21:15:53 INFO  [SpringApplicationShutdownHook] com.zaxxer.hikari.HikariDataSource - HikariPool-1 - Shutdown initiated...
2025-01-15 21:15:53 INFO  [SpringApplicationShutdownHook] com.zaxxer.hikari.HikariDataSource - HikariPool-1 - Shutdown completed.
2025-01-15 21:16:00 INFO  [main] c.e.minibank.MinibankApplicationKt - Starting MinibankApplicationKt using Java 21.0.5 with PID 44578 (/home/dev/Projects/minibank/build/classes/kotlin/main started by dev in /home/dev/Projects/minibank)
2025-01-15 21:16:00 INFO  [main] c.e.minibank.MinibankApplicationKt - The following 1 profile is active: "dev"
2025-01-15 21:16:02 INFO  [main] o.s.d.r.c.RepositoryConfigurationDelegate - Bootstrapping Spring Data JPA repositories in DEFAULT mode.
2025-01-15 21:16:02 INFO  [main] o.s.d.r.c.RepositoryConfigurationDelegate - Finished Spring Data repository scanning in 84 ms. Found 1 JPA repository interface.
2025-01-15 21:16:04 INFO  [main] o.s.b.w.e.tomcat.TomcatWebServer - Tomcat initialized with port 8082 (http)
2025-01-15 21:16:04 INFO  [main] o.a.coyote.http11.Http11NioProtocol - Initializing ProtocolHandler ["http-nio-8082"]
2025-01-15 21:16:04 INFO  [main] o.a.catalina.core.StandardService - Starting service [Tomcat]
2025-01-15 21:16:04 INFO  [main] o.a.catalina.core.StandardEngine - Starting Servlet engine: [Apache Tomcat/10.1.34]
2025-01-15 21:16:04 INFO  [main] o.a.c.c.C.[Tomcat].[localhost].[/] - Initializing Spring embedded WebApplicationContext
2025-01-15 21:16:04 INFO  [main] o.s.b.w.s.c.ServletWebServerApplicationContext - Root WebApplicationContext: initialization completed in 4151 ms
2025-01-15 21:16:04 INFO  [main] com.zaxxer.hikari.HikariDataSource - HikariPool-1 - Starting...
2025-01-15 21:16:04 INFO  [main] com.zaxxer.hikari.pool.HikariPool - HikariPool-1 - Added connection org.postgresql.jdbc.PgConnection@4fa8297b
2025-01-15 21:16:04 INFO  [main] com.zaxxer.hikari.HikariDataSource - HikariPool-1 - Start completed.
2025-01-15 21:16:05 INFO  [main] liquibase.database - Set default schema name to public
2025-01-15 21:16:05 INFO  [main] liquibase.changelog - Reading from public.databasechangelog
2025-01-15 21:16:05 INFO  [main] liquibase.ui - Database is up to date, no changesets to execute
2025-01-15 21:16:05 INFO  [main] liquibase.changelog - Reading from public.databasechangelog
2025-01-15 21:16:05 INFO  [main] liquibase.util - UPDATE SUMMARY
2025-01-15 21:16:05 INFO  [main] liquibase.util - Run:                          0
2025-01-15 21:16:05 INFO  [main] liquibase.util - Previously run:               2
2025-01-15 21:16:05 INFO  [main] liquibase.util - Filtered out:                 0
2025-01-15 21:16:05 INFO  [main] liquibase.util - -------------------------------
2025-01-15 21:16:05 INFO  [main] liquibase.util - Total change sets:            2
2025-01-15 21:16:05 INFO  [main] liquibase.util - Update summary generated
2025-01-15 21:16:05 INFO  [main] liquibase.command - Command execution complete
2025-01-15 21:16:06 INFO  [main] o.h.jpa.internal.util.LogHelper - HHH000204: Processing PersistenceUnitInfo [name: default]
2025-01-15 21:16:06 INFO  [main] org.hibernate.Version - HHH000412: Hibernate ORM core version 6.1.1.Final
2025-01-15 21:16:06 WARN  [main] org.hibernate.orm.deprecation - HHH90000021: Encountered deprecated setting [javax.persistence.sharedCache.mode], use [jakarta.persistence.sharedCache.mode] instead
2025-01-15 21:16:06 INFO  [main] SQL dialect - HHH000400: Using dialect: org.hibernate.dialect.PostgreSQLDialect
2025-01-15 21:16:06 INFO  [main] o.h.validator.internal.util.Version - HV000001: Hibernate Validator 8.0.2.Final
2025-01-15 21:16:07 INFO  [main] o.h.e.t.j.p.i.JtaPlatformInitiator - HHH000490: Using JtaPlatform implementation: [org.hibernate.engine.transaction.jta.platform.internal.NoJtaPlatform]
2025-01-15 21:16:07 INFO  [main] o.s.o.j.LocalContainerEntityManagerFactoryBean - Initialized JPA EntityManagerFactory for persistence unit 'default'
2025-01-15 21:16:09 WARN  [main] o.s.b.a.o.j.JpaBaseConfiguration$JpaWebConfiguration - spring.jpa.open-in-view is enabled by default. Therefore, database queries may be performed during view rendering. Explicitly configure spring.jpa.open-in-view to disable this warning
2025-01-15 21:16:10 INFO  [main] o.a.coyote.http11.Http11NioProtocol - Starting ProtocolHandler ["http-nio-8082"]
2025-01-15 21:16:10 INFO  [main] o.s.b.w.e.tomcat.TomcatWebServer - Tomcat started on port 8082 (http) with context path '/'
2025-01-15 21:16:10 INFO  [main] c.e.minibank.MinibankApplicationKt - Started MinibankApplicationKt in 11.393 seconds (process running for 11.743)
2025-01-15 21:16:26 INFO  [SpringApplicationShutdownHook] o.s.b.w.e.tomcat.GracefulShutdown - Commencing graceful shutdown. Waiting for active requests to complete
2025-01-15 21:16:26 INFO  [tomcat-shutdown] o.s.b.w.e.tomcat.GracefulShutdown - Graceful shutdown complete
2025-01-15 21:16:26 INFO  [SpringApplicationShutdownHook] o.s.o.j.LocalContainerEntityManagerFactoryBean - Closing JPA EntityManagerFactory for persistence unit 'default'
2025-01-15 21:16:26 INFO  [SpringApplicationShutdownHook] com.zaxxer.hikari.HikariDataSource - HikariPool-1 - Shutdown initiated...
2025-01-15 21:16:26 INFO  [SpringApplicationShutdownHook] com.zaxxer.hikari.HikariDataSource - HikariPool-1 - Shutdown completed.
2025-01-15 21:17:39 INFO  [main] c.e.minibank.MinibankApplicationKt - Starting MinibankApplicationKt using Java 21.0.5 with PID 47508 (/home/dev/Projects/minibank/build/classes/kotlin/main started by dev in /home/dev/Projects/minibank)
2025-01-15 21:17:39 INFO  [main] c.e.minibank.MinibankApplicationKt - The following 1 profile is active: "dev"
2025-01-15 21:17:42 INFO  [main] o.s.d.r.c.RepositoryConfigurationDelegate - Bootstrapping Spring Data JPA repositories in DEFAULT mode.
2025-01-15 21:17:42 INFO  [main] o.s.d.r.c.RepositoryConfigurationDelegate - Finished Spring Data repository scanning in 98 ms. Found 1 JPA repository interface.
2025-01-15 21:17:44 INFO  [main] o.h.validator.internal.util.Version - HV000001: Hibernate Validator 8.0.2.Final
2025-01-15 21:17:52 INFO  [main] c.e.minibank.MinibankApplicationKt - Starting MinibankApplicationKt using Java 21.0.5 with PID 48060 (/home/dev/Projects/minibank/build/classes/kotlin/main started by dev in /home/dev/Projects/minibank)
2025-01-15 21:17:52 INFO  [main] c.e.minibank.MinibankApplicationKt - The following 1 profile is active: "dev"
2025-01-15 21:17:55 INFO  [main] o.s.d.r.c.RepositoryConfigurationDelegate - Bootstrapping Spring Data JPA repositories in DEFAULT mode.
2025-01-15 21:17:55 INFO  [main] o.s.d.r.c.RepositoryConfigurationDelegate - Finished Spring Data repository scanning in 112 ms. Found 1 JPA repository interface.
2025-01-15 21:17:56 INFO  [main] o.s.b.w.e.tomcat.TomcatWebServer - Tomcat initialized with port 8082 (http)
2025-01-15 21:17:56 INFO  [main] o.a.coyote.http11.Http11NioProtocol - Initializing ProtocolHandler ["http-nio-8082"]
2025-01-15 21:17:56 INFO  [main] o.a.catalina.core.StandardService - Starting service [Tomcat]
2025-01-15 21:17:56 INFO  [main] o.a.catalina.core.StandardEngine - Starting Servlet engine: [Apache Tomcat/10.1.34]
2025-01-15 21:17:56 INFO  [main] o.a.c.c.C.[Tomcat].[localhost].[/] - Initializing Spring embedded WebApplicationContext
2025-01-15 21:17:56 INFO  [main] o.s.b.w.s.c.ServletWebServerApplicationContext - Root WebApplicationContext: initialization completed in 4310 ms
2025-01-15 21:17:57 INFO  [main] com.zaxxer.hikari.HikariDataSource - HikariPool-1 - Starting...
2025-01-15 21:17:57 INFO  [main] com.zaxxer.hikari.pool.HikariPool - HikariPool-1 - Added connection org.postgresql.jdbc.PgConnection@3a8b9458
2025-01-15 21:17:57 INFO  [main] com.zaxxer.hikari.HikariDataSource - HikariPool-1 - Start completed.
2025-01-15 21:17:57 INFO  [main] liquibase.database - Set default schema name to public
2025-01-15 21:17:58 INFO  [main] liquibase.changelog - Reading from public.databasechangelog
2025-01-15 21:17:58 INFO  [main] liquibase.ui - Database is up to date, no changesets to execute
2025-01-15 21:17:58 INFO  [main] liquibase.changelog - Reading from public.databasechangelog
2025-01-15 21:17:58 INFO  [main] liquibase.util - UPDATE SUMMARY
2025-01-15 21:17:58 INFO  [main] liquibase.util - Run:                          0
2025-01-15 21:17:58 INFO  [main] liquibase.util - Previously run:               2
2025-01-15 21:17:58 INFO  [main] liquibase.util - Filtered out:                 0
2025-01-15 21:17:58 INFO  [main] liquibase.util - -------------------------------
2025-01-15 21:17:58 INFO  [main] liquibase.util - Total change sets:            2
2025-01-15 21:17:58 INFO  [main] liquibase.util - Update summary generated
2025-01-15 21:17:58 INFO  [main] liquibase.command - Command execution complete
2025-01-15 21:17:58 INFO  [main] o.h.jpa.internal.util.LogHelper - HHH000204: Processing PersistenceUnitInfo [name: default]
2025-01-15 21:17:58 INFO  [main] org.hibernate.Version - HHH000412: Hibernate ORM core version 6.1.1.Final
2025-01-15 21:17:58 WARN  [main] org.hibernate.orm.deprecation - HHH90000021: Encountered deprecated setting [javax.persistence.sharedCache.mode], use [jakarta.persistence.sharedCache.mode] instead
2025-01-15 21:17:58 INFO  [main] SQL dialect - HHH000400: Using dialect: org.hibernate.dialect.PostgreSQLDialect
2025-01-15 21:17:59 INFO  [main] o.h.validator.internal.util.Version - HV000001: Hibernate Validator 8.0.2.Final
2025-01-15 21:17:59 INFO  [main] o.h.e.t.j.p.i.JtaPlatformInitiator - HHH000490: Using JtaPlatform implementation: [org.hibernate.engine.transaction.jta.platform.internal.NoJtaPlatform]
2025-01-15 21:18:00 INFO  [main] o.s.o.j.LocalContainerEntityManagerFactoryBean - Initialized JPA EntityManagerFactory for persistence unit 'default'
2025-01-15 21:18:01 WARN  [main] o.s.b.a.o.j.JpaBaseConfiguration$JpaWebConfiguration - spring.jpa.open-in-view is enabled by default. Therefore, database queries may be performed during view rendering. Explicitly configure spring.jpa.open-in-view to disable this warning
2025-01-15 21:18:03 INFO  [main] o.a.coyote.http11.Http11NioProtocol - Starting ProtocolHandler ["http-nio-8082"]
2025-01-15 21:18:03 INFO  [main] o.s.b.w.e.tomcat.TomcatWebServer - Tomcat started on port 8082 (http) with context path '/'
2025-01-15 21:18:03 INFO  [main] c.e.minibank.MinibankApplicationKt - Started MinibankApplicationKt in 11.609 seconds (process running for 11.914)
2025-01-15 21:18:39 INFO  [SpringApplicationShutdownHook] o.s.b.w.e.tomcat.GracefulShutdown - Commencing graceful shutdown. Waiting for active requests to complete
2025-01-15 21:18:39 INFO  [tomcat-shutdown] o.s.b.w.e.tomcat.GracefulShutdown - Graceful shutdown complete
2025-01-15 21:18:39 INFO  [SpringApplicationShutdownHook] o.s.o.j.LocalContainerEntityManagerFactoryBean - Closing JPA EntityManagerFactory for persistence unit 'default'
2025-01-15 21:18:39 INFO  [SpringApplicationShutdownHook] com.zaxxer.hikari.HikariDataSource - HikariPool-1 - Shutdown initiated...
2025-01-15 21:18:39 INFO  [SpringApplicationShutdownHook] com.zaxxer.hikari.HikariDataSource - HikariPool-1 - Shutdown completed.
2025-01-15 21:19:22 INFO  [main] c.e.minibank.MinibankApplicationKt - Starting MinibankApplicationKt using Java 21.0.5 with PID 50604 (/home/dev/Projects/minibank/build/classes/kotlin/main started by dev in /home/dev/Projects/minibank)
2025-01-15 21:19:22 INFO  [main] c.e.minibank.MinibankApplicationKt - The following 1 profile is active: "dev"
2025-01-15 21:19:25 INFO  [main] o.s.d.r.c.RepositoryConfigurationDelegate - Bootstrapping Spring Data JPA repositories in DEFAULT mode.
2025-01-15 21:19:25 INFO  [main] o.s.d.r.c.RepositoryConfigurationDelegate - Finished Spring Data repository scanning in 92 ms. Found 1 JPA repository interface.
2025-01-15 21:19:26 INFO  [main] o.s.b.w.e.tomcat.TomcatWebServer - Tomcat initialized with port 8082 (http)
2025-01-15 21:19:26 INFO  [main] o.a.coyote.http11.Http11NioProtocol - Initializing ProtocolHandler ["http-nio-8082"]
2025-01-15 21:19:26 INFO  [main] o.a.catalina.core.StandardService - Starting service [Tomcat]
2025-01-15 21:19:26 INFO  [main] o.a.catalina.core.StandardEngine - Starting Servlet engine: [Apache Tomcat/10.1.34]
2025-01-15 21:19:26 INFO  [main] o.a.c.c.C.[Tomcat].[localhost].[/] - Initializing Spring embedded WebApplicationContext
2025-01-15 21:19:26 INFO  [main] o.s.b.w.s.c.ServletWebServerApplicationContext - Root WebApplicationContext: initialization completed in 4085 ms
2025-01-15 21:19:26 INFO  [main] com.zaxxer.hikari.HikariDataSource - HikariPool-1 - Starting...
2025-01-15 21:19:27 INFO  [main] com.zaxxer.hikari.pool.HikariPool - HikariPool-1 - Added connection org.postgresql.jdbc.PgConnection@3a8b9458
2025-01-15 21:19:27 INFO  [main] com.zaxxer.hikari.HikariDataSource - HikariPool-1 - Start completed.
2025-01-15 21:19:27 INFO  [main] liquibase.database - Set default schema name to public
2025-01-15 21:19:27 INFO  [main] liquibase.changelog - Reading from public.databasechangelog
2025-01-15 21:19:28 INFO  [main] liquibase.ui - Database is up to date, no changesets to execute
2025-01-15 21:19:28 INFO  [main] liquibase.changelog - Reading from public.databasechangelog
2025-01-15 21:19:28 INFO  [main] liquibase.util - UPDATE SUMMARY
2025-01-15 21:19:28 INFO  [main] liquibase.util - Run:                          0
2025-01-15 21:19:28 INFO  [main] liquibase.util - Previously run:               2
2025-01-15 21:19:28 INFO  [main] liquibase.util - Filtered out:                 0
2025-01-15 21:19:28 INFO  [main] liquibase.util - -------------------------------
2025-01-15 21:19:28 INFO  [main] liquibase.util - Total change sets:            2
2025-01-15 21:19:28 INFO  [main] liquibase.util - Update summary generated
2025-01-15 21:19:28 INFO  [main] liquibase.command - Command execution complete
2025-01-15 21:19:28 INFO  [main] o.h.jpa.internal.util.LogHelper - HHH000204: Processing PersistenceUnitInfo [name: default]
2025-01-15 21:19:28 INFO  [main] org.hibernate.Version - HHH000412: Hibernate ORM core version 6.1.1.Final
2025-01-15 21:19:28 WARN  [main] org.hibernate.orm.deprecation - HHH90000021: Encountered deprecated setting [javax.persistence.sharedCache.mode], use [jakarta.persistence.sharedCache.mode] instead
2025-01-15 21:19:28 INFO  [main] SQL dialect - HHH000400: Using dialect: org.hibernate.dialect.PostgreSQLDialect
2025-01-15 21:19:28 INFO  [main] o.h.validator.internal.util.Version - HV000001: Hibernate Validator 8.0.2.Final
2025-01-15 21:19:29 INFO  [main] o.h.e.t.j.p.i.JtaPlatformInitiator - HHH000490: Using JtaPlatform implementation: [org.hibernate.engine.transaction.jta.platform.internal.NoJtaPlatform]
2025-01-15 21:19:29 INFO  [main] o.s.o.j.LocalContainerEntityManagerFactoryBean - Initialized JPA EntityManagerFactory for persistence unit 'default'
2025-01-15 21:19:31 WARN  [main] o.s.b.a.o.j.JpaBaseConfiguration$JpaWebConfiguration - spring.jpa.open-in-view is enabled by default. Therefore, database queries may be performed during view rendering. Explicitly configure spring.jpa.open-in-view to disable this warning
2025-01-15 21:19:32 INFO  [main] o.a.coyote.http11.Http11NioProtocol - Starting ProtocolHandler ["http-nio-8082"]
2025-01-15 21:19:32 INFO  [main] o.s.b.w.e.tomcat.TomcatWebServer - Tomcat started on port 8082 (http) with context path '/'
2025-01-15 21:19:32 INFO  [main] c.e.minibank.MinibankApplicationKt - Started MinibankApplicationKt in 11.319 seconds (process running for 11.641)
2025-01-15 21:21:28 INFO  [SpringApplicationShutdownHook] o.s.b.w.e.tomcat.GracefulShutdown - Commencing graceful shutdown. Waiting for active requests to complete
2025-01-15 21:21:28 INFO  [tomcat-shutdown] o.s.b.w.e.tomcat.GracefulShutdown - Graceful shutdown complete
2025-01-15 21:21:28 INFO  [SpringApplicationShutdownHook] o.s.o.j.LocalContainerEntityManagerFactoryBean - Closing JPA EntityManagerFactory for persistence unit 'default'
2025-01-15 21:21:28 INFO  [SpringApplicationShutdownHook] com.zaxxer.hikari.HikariDataSource - HikariPool-1 - Shutdown initiated...
2025-01-15 21:21:28 INFO  [SpringApplicationShutdownHook] com.zaxxer.hikari.HikariDataSource - HikariPool-1 - Shutdown completed.
2025-01-15 21:22:44 INFO  [main] c.e.minibank.MinibankApplicationKt - Starting MinibankApplicationKt using Java 21.0.5 with PID 55305 (/home/dev/Projects/minibank/build/classes/kotlin/main started by dev in /home/dev/Projects/minibank)
2025-01-15 21:22:44 INFO  [main] c.e.minibank.MinibankApplicationKt - The following 1 profile is active: "dev"
2025-01-15 21:22:47 INFO  [main] o.s.d.r.c.RepositoryConfigurationDelegate - Bootstrapping Spring Data JPA repositories in DEFAULT mode.
2025-01-15 21:22:47 INFO  [main] o.s.d.r.c.RepositoryConfigurationDelegate - Finished Spring Data repository scanning in 111 ms. Found 1 JPA repository interface.
2025-01-15 21:22:50 INFO  [main] o.h.validator.internal.util.Version - HV000001: Hibernate Validator 8.0.2.Final
2025-01-15 21:26:44 INFO  [main] c.e.minibank.MinibankApplicationKt - Starting AOT-processed MinibankApplicationKt using Java 21.0.5 with PID 60546 (/home/dev/Projects/minibank/build/native/nativeCompile/minibank started by dev in /home/dev/Projects/minibank)
2025-01-15 21:26:44 INFO  [main] c.e.minibank.MinibankApplicationKt - The following 1 profile is active: "dev"
2025-01-15 21:26:44 INFO  [main] o.s.b.w.e.tomcat.TomcatWebServer - Tomcat initialized with port 8082 (http)
2025-01-15 21:26:44 INFO  [main] o.a.coyote.http11.Http11NioProtocol - Initializing ProtocolHandler ["http-nio-8082"]
2025-01-15 21:26:44 INFO  [main] o.a.catalina.core.StandardService - Starting service [Tomcat]
2025-01-15 21:26:44 INFO  [main] o.a.catalina.core.StandardEngine - Starting Servlet engine: [Apache Tomcat/10.1.34]
2025-01-15 21:26:44 INFO  [main] o.a.c.c.C.[Tomcat].[localhost].[/] - Initializing Spring embedded WebApplicationContext
2025-01-15 21:26:44 INFO  [main] o.s.b.w.s.c.ServletWebServerApplicationContext - Root WebApplicationContext: initialization completed in 20 ms
2025-01-15 21:26:44 INFO  [main] com.zaxxer.hikari.HikariDataSource - HikariPool-1 - Starting...
2025-01-15 21:26:44 INFO  [main] com.zaxxer.hikari.pool.HikariPool - HikariPool-1 - Added connection org.postgresql.jdbc.PgConnection@720cc6e1
2025-01-15 21:26:44 INFO  [main] com.zaxxer.hikari.HikariDataSource - HikariPool-1 - Start completed.
2025-01-15 21:26:44 INFO  [main] liquibase.database - Set default schema name to public
2025-01-15 21:26:44 INFO  [main] liquibase.changelog - Reading from public.databasechangelog
2025-01-15 21:26:44 INFO  [main] liquibase.ui - Database is up to date, no changesets to execute
2025-01-15 21:26:44 INFO  [main] liquibase.changelog - Reading from public.databasechangelog
2025-01-15 21:26:44 INFO  [main] liquibase.util - UPDATE SUMMARY
2025-01-15 21:26:44 INFO  [main] liquibase.util - Run:                          0
2025-01-15 21:26:44 INFO  [main] liquibase.util - Previously run:               2
2025-01-15 21:26:44 INFO  [main] liquibase.util - Filtered out:                 0
2025-01-15 21:26:44 INFO  [main] liquibase.util - -------------------------------
2025-01-15 21:26:44 INFO  [main] liquibase.util - Total change sets:            2
2025-01-15 21:26:44 INFO  [main] liquibase.util - Update summary generated
2025-01-15 21:26:44 INFO  [main] liquibase.command - Command execution complete
2025-01-15 21:26:44 INFO  [main] o.h.jpa.internal.util.LogHelper - HHH000204: Processing PersistenceUnitInfo [name: default]
2025-01-15 21:26:44 INFO  [main] org.hibernate.Version - HHH000412: Hibernate ORM core version [WORKING]
2025-01-15 21:26:44 WARN  [main] o.s.b.w.s.c.ServletWebServerApplicationContext - Exception encountered during context initialization - cancelling refresh attempt: org.springframework.beans.factory.BeanCreationException: Error creating bean with name 'entityManagerFactory': No classes have been predefined during the image build to load from bytecodes at runtime.
2025-01-15 21:26:44 INFO  [main] com.zaxxer.hikari.HikariDataSource - HikariPool-1 - Shutdown initiated...
2025-01-15 21:26:44 INFO  [main] com.zaxxer.hikari.HikariDataSource - HikariPool-1 - Shutdown completed.
2025-01-15 21:26:44 INFO  [main] o.a.catalina.core.StandardService - Stopping service [Tomcat]
2025-01-15 21:43:07 INFO  [main] c.e.minibank.MinibankApplicationKt - Starting MinibankApplicationKt using Java 21.0.5 with PID 81716 (/home/dev/Projects/minibank/build/classes/kotlin/main started by dev in /home/dev/Projects/minibank)
2025-01-15 21:43:07 INFO  [main] c.e.minibank.MinibankApplicationKt - The following 1 profile is active: "dev"
2025-01-15 21:43:09 INFO  [main] o.s.d.r.c.RepositoryConfigurationDelegate - Bootstrapping Spring Data JPA repositories in DEFAULT mode.
2025-01-15 21:43:09 INFO  [main] o.s.d.r.c.RepositoryConfigurationDelegate - Finished Spring Data repository scanning in 81 ms. Found 1 JPA repository interface.
2025-01-15 21:43:12 INFO  [main] o.h.validator.internal.util.Version - HV000001: Hibernate Validator 8.0.2.Final
